../Core/Src/main.c:81:5:main	8	static
../Core/Src/main.c:137:6:SystemClock_Config	88	static
../Core/Src/main.c:185:13:MX_CRC_Init	8	static
../Core/Src/main.c:211:13:MX_USART2_UART_Init	8	static
../Core/Src/main.c:244:13:MX_USART3_UART_Init	8	static
../Core/Src/main.c:277:13:MX_GPIO_Init	48	static
../Core/Src/main.c:325:7:bootloader_uart_read_data	16	static
../Core/Src/main.c:386:6:bootloader_handle_getver_cmd	32	static
../Core/Src/main.c:427:6:bootloader_handle_gethelp_cmd	40	static
../Core/Src/main.c:465:6:bootloader_handle_getcid_cmd	32	static
../Core/Src/main.c:505:6:bootloader_handle_getrdp_cmd	32	static
../Core/Src/main.c:544:6:bootloader_handle_go_cmd	40	static
../Core/Src/main.c:606:6:bootloader_handle_flash_erase_cmd	16	static
../Core/Src/main.c:609:6:bootloader_handle_mem_write_cmd	16	static
../Core/Src/main.c:612:6:bootloader_handle_en_rw_protect	16	static
../Core/Src/main.c:615:6:bootloader_handle_mem_read	16	static
../Core/Src/main.c:618:6:bootloader_handle_read_sector_protection_status	16	static
../Core/Src/main.c:621:6:bootloader_handle_read_otp	16	static
../Core/Src/main.c:624:6:bootloader_handle_dis_rw_protect	16	static
../Core/Src/main.c:631:6:bootloader_send_ack	24	static
../Core/Src/main.c:643:6:bootloader_send_nack	16	static
../Core/Src/main.c:652:9:bootloader_verify_crc	40	static
../Core/Src/main.c:674:9:get_bootloader_version	4	static
../Core/Src/main.c:680:6:bootloader_uart_write_data	16	static
../Core/Src/main.c:685:6:bootloader_jump_to_user_app	24	static,ignoring_inline_asm
../Core/Src/main.c:717:10:get_mcu_chip_id	16	static
../Core/Src/main.c:733:9:get_rdp_level_from_option_bytes	4	static
../Core/Src/main.c:739:9:verify_address	16	static
../Core/Src/main.c:768:6:printmsg	96	static
../Core/Src/main.c:788:6:Error_Handler	4	static,ignoring_inline_asm
