../Core/Src/main.c:78:5:main	8	static
../Core/Src/main.c:134:6:SystemClock_Config	88	static
../Core/Src/main.c:182:13:MX_CRC_Init	8	static
../Core/Src/main.c:208:13:MX_USART2_UART_Init	8	static
../Core/Src/main.c:241:13:MX_USART3_UART_Init	8	static
../Core/Src/main.c:274:13:MX_GPIO_Init	48	static
../Core/Src/main.c:310:6:bootloader_uart_read_data	4	static
../Core/Src/main.c:314:6:bootloader_jump_to_user_app	24	static,ignoring_inline_asm
../Core/Src/main.c:348:6:printmsg	96	static
../Core/Src/main.c:368:6:Error_Handler	4	static,ignoring_inline_asm
