22:59:37 **** Incremental Build of configuration Debug for project custom_bootloader ****
make -j10 all 
arm-none-eabi-gcc "../Core/Src/main.c" -mcpu=cortex-m4 -std=gnu11 -g3 -DDEBUG -DUSE_HAL_DRIVER -DSTM32F446xx -c -I../Core/Inc -I../Drivers/STM32F4xx_HAL_Driver/Inc -I../Drivers/STM32F4xx_HAL_Driver/Inc/Legacy -I../Drivers/CMSIS/Device/ST/STM32F4xx/Include -I../Drivers/CMSIS/Include -O0 -ffunction-sections -fdata-sections -Wall -fstack-usage -fcyclomatic-complexity -MMD -MP -MF"Core/Src/main.d" -MT"Core/Src/main.o" --specs=nano.specs -mfpu=fpv4-sp-d16 -mfloat-abi=hard -mthumb -o "Core/Src/main.o"
arm-none-eabi-gcc -o "custom_bootloader.elf" @"objects.list"   -mcpu=cortex-m4 -T"/Users/ggpai/Desktop/BOOTLOADER_PROJECT/custom_bootloader/STM32F446RETX_FLASH.ld" --specs=nosys.specs -Wl,-Map="custom_bootloader.map" -Wl,--gc-sections -static --specs=nano.specs -mfpu=fpv4-sp-d16 -mfloat-abi=hard -mthumb -Wl,--start-group -lc -lm -Wl,--end-group
Finished building target: custom_bootloader.elf
 
arm-none-eabi-size  custom_bootloader.elf 
arm-none-eabi-objdump -h -S custom_bootloader.elf  > "custom_bootloader.list"
   text	   data	    bss	    dec	    hex	filename
  14332	     92	   2252	  16676	   4124	custom_bootloader.elf
Finished building: default.size.stdout
 
Finished building: custom_bootloader.list
 
22:59:45 **** Incremental Build of configuration Debug for project custom_bootloader ****
make -j10 all 
arm-none-eabi-size  custom_bootloader.elf 
   text	   data	    bss	    dec	    hex	filename
  14332	     92	   2252	  16676	   4124	custom_bootloader.elf
Finished building: default.size.stdout
 
